
> tradazone@0.0.0 build
> vite build --mode production

[36mvite v7.3.1 [32mbuilding client environment for production...[36m[39m
transforming...
[32mΓ£ô[39m 1929 modules transformed.
rendering chunks...
node.exe : 
[33m[plugin 
vite:reporter] 
At line:1 char:1
+ & "C:\Program Files\
nodejs/node.exe" 
"C:\Program 
Files\nodejs/node_mo 
...
+ ~~~~~~~~~~~~~~~~~~~~
~~~~~~~~~~~~~~~~~~~~~~
~~~~~~~~~~~~~~~~~~~~~~
~~~~~
    + CategoryInfo    
          : NotSpeci  
  fied: ([33m[plug   
 in vite:reporter]    
 :String) [], Rem    
oteException
    + FullyQualifiedE 
   rrorId : NativeCo  
  mmandError
 
(!)  C:/Users/3D ROYAL
/Desktop/Design/Brandi
ng Projects/Tradazone/
Product/tradazone/node
_modules/@lobstrco/sig
ner-extension-api/buil
d/index.min.js?commonj
s-es-import is 
dynamically imported 
by C:/Users/3D ROYAL/D
esktop/Design/Branding
 Projects/Tradazone/Pr
oduct/tradazone/src/co
ntext/AuthContext.jsx 
but also statically 
imported by 
C:/Users/3D ROYAL/Desk
top/Design/Branding Pr
ojects/Tradazone/Produ
ct/tradazone/src/hooks
/useLobstr.js, 
dynamic import will 
not move module into 
another chunk.
[39m
computing gzip size...
[2mdist/[22m[32mindex.html                       [39m[1m[2m  1.41 kB[22m[1m[22m[2m Γöé gzip:   0.68 kB[22m
[2mdist/[22m[32massets/logo-white-C3Y5cRho.png   [39m[1m[2m  4.16 kB[22m[1m[22m
[2mdist/[22m[32massets/logo-blue-gftOld-U.png    [39m[1m[2m 10.40 kB[22m[1m[22m
[2mdist/[22m[32massets/auth-splash-pPIaVm7Y.svg  [39m[1m[2m 15.45 kB[22m[1m[22m[2m Γöé gzip:   4.94 kB[22m
[2mdist/[22m[35massets/index-CTfW1Bmn.css        [39m[1m[2m 30.20 kB[22m[1m[22m[2m Γöé gzip:   6.38 kB[22m
[2mdist/[22m[36massets/ui-SHOrLABi.js            [39m[1m[2m  8.08 kB[22m[1m[22m[2m Γöé gzip:   3.28 kB[22m
[2mdist/[22m[36massets/auth-D9yjKi7A.js          [39m[1m[2m 47.83 kB[22m[1m[22m[2m Γöé gzip:  16.97 kB[22m
[33m
(!) Some chunks are 
larger than 500 kB 
after minification. 
Consider:
- Using dynamic 
import() to 
code-split the 
application
- Use build.rollupOpti
ons.output.manualChunk
s to improve 
chunking: https://roll
upjs.org/configuration
-options/#output-manua
lchunks
- Adjust chunk size 
limit for this 
warning via build.chun
kSizeWarningLimit.[39
m
[2mdist/[22m[36massets/index-u2hU9BKH.js         [39m[1m[2m281.89 kB[22m[1m[22m[2m Γöé gzip:  79.82 kB[22m
[2mdist/[22m[36massets/wallet-B3Qw5F4a.js        [39m[1m[2m433.84 kB[22m[1m[22m[2m Γöé gzip: 158.59 kB[22m
[2mdist/[22m[36massets/html2pdf-j_TcmlMj.js      [39m[1m[33m975.75 kB[39m[22m[2m Γöé gzip: 281.17 kB[22m
[32mΓ£ô built in 6.35s[39m
